---
created: "2019-04-25T06:15:54.544998Z"
creator: insta@0.7.4
source: xtypes-json-rust/tests/output.rs
expression: defs
---
// This file was generated automatically
use serde_json::json;



#[derive(Serialize, Deserialize)]
pub struct Book {
  pub id: string,
  pub title: string,
  pub author: string,
  pub isbn: string,
  pub media: Media,
}


#[derive(Serialize, Deserialize)]
pub enum Media {
    EBook(EBook)
    AudioBook(AudioBook)
    PhysicalBook(PhysicalBook)
}


#[derive(Serialize, Deserialize)]
pub struct EBook {
  pub filesize: float32,
}


#[derive(Serialize, Deserialize)]
pub struct AudioBook {
  pub length: float32,
}


#[derive(Serialize, Deserialize)]
pub struct PhysicalBook {
  pub pages: int32,
}
