---
created: "2019-04-24T09:13:18.538372Z"
creator: insta@0.6.3
source: tests/output.rs
expression: defs
---
// This file was generated automatically
import * from "prelude.xt.ts"
import * as Data from "bookstore/data.xt.ts"


export namespace FindBooksRequest {
  export type T = {
      query: Option.T<string>
  }
}

export namespace FindBooksResponse {
  export type T = {
      books: Data.Book.T[]
  }
}
