---
created: "2019-04-24T09:10:18.771515Z"
creator: insta@0.6.3
source: tests/output.rs
expression: defs
---
// This file was generated automatically
import * from "prelude.xt.ts"


export namespace Book {
  export type T = {
      id: string
      title: string
      author: string
      isbn: string
      media: Media.T
  }
}

export namespace Media {
  export type T =
    | { t: 'EBook', v: [EBook] }
    | { t: 'AudioBook', v: [AudioBook] }
    | { t: 'PhysicalBook', v: [PhysicalBook] };
}

export namespace EBook {
  export type T = {
      filesize: number
  }
}

export namespace AudioBook {
  export type T = {
      length: number
  }
}

export namespace PhysicalBook {
  export type T = {
      pages: number
  }
}
