---
created: "2019-02-10T20:57:33.599513Z"
creator: insta@0.6.2
source: tests/output.rs
expression: defs
---
// This file was generated automatically

namespace EnumSample {
  type T =
    | { t: 'One' }
    | { t: 'Two' }
    | { t: 'Three' };
}
namespace StructSample {
  type T = {
      repeated_field: Thing<Array<Type>>
      optional_field?: type
  }
}
