---
created: "2019-04-25T05:59:19.828972Z"
creator: insta@0.7.4
source: xtypes-json-typescript/tests/output.rs
expression: defs
---
// This file was generated automatically
import * from "prelude.xt.ts"
import * as Data from "data.xt.ts"


export namespace FindBooksRequest {
  export type T = {
      query: Option.T<string>
  }
}

export namespace FindBooksResponse {
  export type T = {
      books: Data.Book.T[]
  }
}
